2026-08-29 21:22:25,206 [INFO] Bangkok: OK, 168 rows (1.41s)
2026-08-29 21:22:26,569 [INFO] Chiang Mai: OK, 168 rows (1.36s)
2026-08-29 21:22:27,603 [INFO] Phuket: OK, 168 rows (1.03s)
2026-08-29 21:22:28,639 [INFO] Khon Kaen: OK, 168 rows (1.04s)
2026-08-29 21:22:29,825 [INFO] Hat Yai: OK, 168 rows (1.19s)
2026-08-29 21:22:29,825 [INFO] Run complete: 5/5 cities succeeded, 840 rows written, 6.03s elapsed
2026-08-29 21:22:31,186 [INFO] Bangkok: OK, 168 rows (1.24s)
2026-08-29 21:22:32,544 [INFO] Chiang Mai: OK, 168 rows (1.36s)
2026-08-29 21:22:33,587 [INFO] Phuket: OK, 168 rows (1.04s)
2026-08-29 21:22:34,644 [INFO] Khon Kaen: OK, 168 rows (1.06s)
2026-08-29 21:22:35,694 [INFO] Hat Yai: OK, 168 rows (1.05s)
2026-08-29 21:22:35,695 [INFO] Run complete: 5/5 cities succeeded, 840 rows written, 5.75s elapsed
2026-08-29 21:22:36,960 [INFO] Bangkok: OK, 168 rows (1.14s)
2026-08-29 21:22:38,138 [INFO] Chiang Mai: OK, 168 rows (1.18s)
2026-08-29 21:22:39,367 [INFO] Phuket: OK, 168 rows (1.23s)
2026-08-29 21:22:40,628 [INFO] Khon Kaen: OK, 168 rows (1.26s)
2026-08-29 21:22:41,745 [INFO] Hat Yai: OK, 168 rows (1.12s)
2026-08-29 21:22:41,745 [INFO] Run complete: 5/5 cities succeeded, 840 rows written, 5.92s elapsed
2026-08-29 21:22:51,164 [WARNING] Bangkok: attempt 1/3 failed (HTTP 400: Bad Request), retrying...
2026-08-29 21:22:54,251 [WARNING] Bangkok: attempt 2/3 failed (HTTP 400: Bad Request), retrying...
2026-08-29 21:23:08,197 [INFO] Bangkok: OK, 168 rows (1.29s)
2026-08-29 21:23:09,461 [ERROR] BrokenCity: FAILED - HTTP 400: Bad Request (1.26s)
2026-08-29 21:23:10,820 [INFO] Phuket: OK, 168 rows (1.36s)
2026-08-29 21:23:10,820 [INFO] Run complete: 2/3 cities succeeded, 336 rows written, 3.91s elapsed
2026-08-29 21:23:10,820 [ERROR]   failed: BrokenCity (HTTP 400: Bad Request)
2026-08-29 21:23:24,780 [INFO] Bangkok: OK, 168 rows (1.08s)
2026-08-29 21:23:26,027 [INFO] Chiang Mai: OK, 168 rows (1.25s)
2026-08-29 21:23:27,289 [INFO] Phuket: OK, 168 rows (1.26s)
2026-08-29 21:23:28,428 [INFO] Khon Kaen: OK, 168 rows (1.14s)
2026-08-29 21:23:29,494 [INFO] Hat Yai: OK, 168 rows (1.06s)
2026-08-29 21:23:29,494 [INFO] Run complete: 5/5 cities succeeded, 840 rows written, 5.79s elapsed
2026-08-29 23:11:38,879 [INFO] Bangkok: OK, 168 rows (1.07s)
2026-08-29 23:11:39,925 [INFO] Chiang Mai: OK, 168 rows (1.04s)
2026-08-29 23:11:40,975 [INFO] Phuket: OK, 168 rows (1.05s)
2026-08-29 23:11:42,091 [INFO] Khon Kaen: OK, 168 rows (1.12s)
2026-08-29 23:11:43,206 [INFO] Hat Yai: OK, 168 rows (1.11s)
2026-08-29 23:11:43,207 [INFO] Run complete: 5/5 cities succeeded, 840 rows written, 5.40s elapsed
2026-08-29 23:11:44,395 [INFO] Bangkok: OK, 168 rows (1.11s)
2026-08-29 23:11:45,502 [INFO] Chiang Mai: OK, 168 rows (1.11s)
2026-08-29 23:11:46,611 [INFO] Phuket: OK, 168 rows (1.11s)
2026-08-29 23:11:47,672 [INFO] Khon Kaen: OK, 168 rows (1.06s)
2026-08-29 23:11:48,712 [INFO] Hat Yai: OK, 168 rows (1.04s)
2026-08-29 23:11:48,712 [INFO] Run complete: 5/5 cities succeeded, 840 rows written, 5.42s elapsed
2026-08-30 16:23:57,623 [INFO] Bangkok: OK, 168 rows (1.23s)
2026-08-30 16:23:59,299 [INFO] Chiang Mai: OK, 168 rows (1.67s)
2026-08-30 16:24:00,874 [INFO] Phuket: OK, 168 rows (1.58s)
2026-08-30 16:24:02,038 [INFO] Khon Kaen: OK, 168 rows (1.16s)
2026-08-30 16:24:03,245 [INFO] Hat Yai: OK, 168 rows (1.21s)
2026-08-30 16:24:03,246 [INFO] Run complete: 5/5 cities succeeded, 840 rows written, 6.85s elapsed
2026-08-30 16:24:36,206 [INFO] Bangkok: OK, 168 rows (1.60s)
2026-08-30 16:24:37,566 [INFO] Chiang Mai: OK, 168 rows (1.36s)
2026-08-30 16:24:38,670 [INFO] Phuket: OK, 168 rows (1.10s)
2026-08-30 16:24:40,199 [INFO] Khon Kaen: OK, 168 rows (1.53s)
2026-08-30 16:24:41,336 [INFO] Hat Yai: OK, 168 rows (1.14s)
2026-08-30 16:24:41,337 [INFO] Run complete: 5/5 cities succeeded, 840 rows written, 6.74s elapsed
2026-08-30 16:24:42,779 [INFO] Bangkok: OK, 168 rows (1.36s)
2026-08-30 16:24:44,046 [INFO] Chiang Mai: OK, 168 rows (1.27s)
2026-08-30 16:24:45,163 [INFO] Phuket: OK, 168 rows (1.12s)
2026-08-30 16:24:46,444 [INFO] Khon Kaen: OK, 168 rows (1.28s)
2026-08-30 16:24:47,614 [INFO] Hat Yai: OK, 168 rows (1.17s)
2026-08-30 16:24:47,614 [INFO] Run complete: 5/5 cities succeeded, 840 rows written, 6.20s elapsed
2026-08-30 17:31:37,628 [INFO] Bangkok: OK, 168 rows (1.41s)
2026-08-30 17:31:39,032 [INFO] Chiang Mai: OK, 168 rows (1.40s)
2026-08-30 17:31:40,290 [INFO] Phuket: OK, 168 rows (1.26s)
2026-08-30 17:31:41,642 [INFO] Khon Kaen: OK, 168 rows (1.35s)
2026-08-30 17:31:43,065 [INFO] Hat Yai: OK, 168 rows (1.42s)
2026-08-30 17:31:43,065 [INFO] Run complete: 5/5 cities succeeded, 840 rows written, 6.85s elapsed
2026-08-30 17:31:44,575 [INFO] Bangkok: OK, 168 rows (1.44s)
2026-08-30 17:31:45,965 [INFO] Chiang Mai: OK, 168 rows (1.39s)
2026-08-30 17:31:47,469 [INFO] Phuket: OK, 168 rows (1.50s)
2026-08-30 17:31:48,686 [INFO] Khon Kaen: OK, 168 rows (1.22s)
2026-08-30 17:31:49,964 [INFO] Hat Yai: OK, 168 rows (1.28s)
2026-08-30 17:31:49,964 [INFO] Run complete: 5/5 cities succeeded, 840 rows written, 6.83s elapsed
2026-08-30 17:31:51,488 [INFO] Bangkok: OK, 168 rows (1.45s)
2026-08-30 17:31:52,687 [INFO] Chiang Mai: OK, 168 rows (1.20s)
2026-08-30 17:31:54,030 [INFO] Phuket: OK, 168 rows (1.34s)
2026-08-30 17:31:55,187 [INFO] Khon Kaen: OK, 168 rows (1.16s)
2026-08-30 17:31:56,418 [INFO] Hat Yai: OK, 168 rows (1.23s)
2026-08-30 17:31:56,419 [INFO] Run complete: 5/5 cities succeeded, 840 rows written, 6.38s elapsed
2026-08-30 17:49:25,384 [INFO] Bangkok: OK, 168 rows (1.74s)
2026-08-30 17:49:26,587 [INFO] Chiang Mai: OK, 168 rows (1.20s)
2026-08-30 17:49:27,747 [INFO] Phuket: OK, 168 rows (1.16s)
2026-08-30 17:49:29,355 [INFO] Khon Kaen: OK, 168 rows (1.61s)
2026-08-30 17:49:30,638 [INFO] Hat Yai: OK, 168 rows (1.28s)
2026-08-30 17:49:30,638 [INFO] Run complete: 5/5 cities succeeded, 840 rows written, 7.00s elapsed
2026-08-30 17:49:31,973 [INFO] Bangkok: OK, 168 rows (1.24s)
2026-08-30 17:49:33,155 [INFO] Chiang Mai: OK, 168 rows (1.18s)
2026-08-30 17:49:34,468 [INFO] Phuket: OK, 168 rows (1.31s)
2026-08-30 17:49:36,111 [INFO] Khon Kaen: OK, 168 rows (1.64s)
2026-08-30 17:49:37,545 [INFO] Hat Yai: OK, 168 rows (1.43s)
2026-08-30 17:49:37,546 [INFO] Run complete: 5/5 cities succeeded, 840 rows written, 6.82s elapsed
2026-08-30 17:49:39,190 [INFO] Bangkok: OK, 168 rows (1.56s)
2026-08-30 17:49:40,671 [INFO] Chiang Mai: OK, 168 rows (1.48s)
2026-08-30 17:49:42,432 [INFO] Phuket: OK, 168 rows (1.76s)
2026-08-30 17:49:43,672 [INFO] Khon Kaen: OK, 168 rows (1.24s)
2026-08-30 17:49:45,190 [INFO] Hat Yai: OK, 168 rows (1.52s)
2026-08-30 17:49:45,191 [INFO] Run complete: 5/5 cities succeeded, 840 rows written, 7.56s elapsed
